// Jest Snapshot v1, https://goo.gl/fbAQLP

exports[`Given the MovieCard component The component is rendered (take a snapshot) 1`] = `
<DocumentFragment>
  <article
    class="movie-card"
  >
    <header
      class="movie-card__header"
    >
      <a
        href="/id/343611"
      >
        <img
          alt="Jack el destripador"
          class="movie-card__image"
          src="https://image.tmdb.org/t/p/w342/wxLUQ1pIms3HAlVGYvEG9zg2kDs.jpg"
        />
      </a>
    </header>
    <div
      class="movie-card__body"
    >
      <h4
        class="movie-card__title"
      >
        Jack Reacher: Never Go Back
      </h4>
      <div
        class="movie-card__data"
      >
        <div
          class="movie-card__datecontainer"
        >
          <p
            class="movie-card__datelabel"
          >
            Estreno
          </p>
          <p
            class="movie-card__date"
          >
            2016-10-19
          </p>
        </div>
        <svg
          class="bookmark"
          fill="currentColor"
          height="1em"
          stroke="currentColor"
          stroke-width="0"
          viewBox="0 0 16 16"
          width="1em"
          xmlns="http://www.w3.org/2000/svg"
        >
          <title>
            bookmark-plus
          </title>
          <path
            d="M2 2a2 2 0 0 1 2-2h8a2 2 0 0 1 2 2v13.5a.5.5 0 0 1-.777.416L8 13.101l-5.223 2.815A.5.5 0 0 1 2 15.5V2zm2-1a1 1 0 0 0-1 1v12.566l4.723-2.482a.5.5 0 0 1 .554 0L13 14.566V2a1 1 0 0 0-1-1H4z"
          />
          <path
            d="M8 4a.5.5 0 0 1 .5.5V6H10a.5.5 0 0 1 0 1H8.5v1.5a.5.5 0 0 1-1 0V7H6a.5.5 0 0 1 0-1h1.5V4.5A.5.5 0 0 1 8 4z"
          />
        </svg>
        <div
          class="movie-card__ratecontainer"
        >
          <p
            class="movie-card__ratelabel"
          >
            Valoraci√≥n
          </p>
          <p
            class="movie-card__rate"
          >
            5.9
          </p>
        </div>
      </div>
    </div>
  </article>
</DocumentFragment>
`;
